[    0.000000] Linux version 4.15.0-212-generic (buildd@lcy02-amd64-083) (gcc version 7.5.0 (Ubuntu 7.5.0-3ubuntu1~18.04)) #223-Ubuntu SMP Tue May 23 13:09:22 UTC 2023 (Ubuntu 4.15.0-212.223-generic 4.15.18)
[    0.000000] Command line: BOOT_IMAGE=/boot/vmlinuz-4.15.0-212-generic root=LABEL=cloudimg-rootfs ro console=tty1 console=ttyS0
[    0.000000] KERNEL supported cpus:
[    0.000000]   Intel GenuineIntel
[    0.000000]   AMD AuthenticAMD
[    0.000000]   Centaur CentaurHauls
[    0.000000] x86/fpu: x87 FPU will use FXSAVE
[    0.000000] e820: BIOS-provided physical RAM map:
[    0.000000] BIOS-e820: [mem 0x0000000000000000-0x000000000009fbff] usable
[    0.000000] BIOS-e820: [mem 0x000000000009fc00-0x000000000009ffff] reserved
[    0.000000] BIOS-e820: [mem 0x00000000000f0000-0x00000000000fffff] reserved
[    0.000000] BIOS-e820: [mem 0x0000000000100000-0x000000003ffeffff] usable
[    0.000000] BIOS-e820: [mem 0x000000003fff0000-0x000000003fffffff] ACPI data
[    0.000000] BIOS-e820: [mem 0x00000000fec00000-0x00000000fec00fff] reserved
[    0.000000] BIOS-e820: [mem 0x00000000fee00000-0x00000000fee00fff] reserved
[    0.000000] BIOS-e820: [mem 0x00000000fffc0000-0x00000000ffffffff] reserved
[    0.000000] NX (Execute Disable) protection: active
[    0.000000] SMBIOS 2.5 present.
[    0.000000] DMI: innotek GmbH VirtualBox/VirtualBox, BIOS VirtualBox 12/01/2006
[    0.000000] Hypervisor detected: KVM
[    0.000000] e820: last_pfn = 0x3fff0 max_arch_pfn = 0x400000000
[    0.000000] MTRR: Disabled
[    0.000000] x86/PAT: MTRRs disabled, skipping PAT initialization too.
[    0.000000] CPU MTRRs all blank - virtualized system.
[    0.000000] x86/PAT: Configuration [0-7]: WB  WT  UC- UC  WB  WT  UC- UC  
[    0.000000] found SMP MP-table at [mem 0x0009fff0-0x0009ffff]
[    0.000000] Scanning 1 areas for low memory corruption
[    0.000000] RAMDISK: [mem 0x359cb000-0x36cdcfff]
[    0.000000] ACPI: Early table checksum verification disabled
[    0.000000] ACPI: RSDP 0x00000000000E0000 000024 (v02 VBOX  )
[    0.000000] ACPI: XSDT 0x000000003FFF0030 00003C (v01 VBOX   VBOXXSDT 00000001 ASL  00000061)
[    0.000000] ACPI: FACP 0x000000003FFF00F0 0000F4 (v04 VBOX   VBOXFACP 00000001 ASL  00000061)
[    0.000000] ACPI: DSDT 0x000000003FFF0610 002353 (v02 VBOX   VBOXBIOS 00000002 INTL 20100528)
[    0.000000] ACPI: FACS 0x000000003FFF0200 000040
[    0.000000] ACPI: FACS 0x000000003FFF0200 000040
[    0.000000] ACPI: APIC 0x000000003FFF0240 00005C (v02 VBOX   VBOXAPIC 00000001 ASL  00000061)
[    0.000000] ACPI: SSDT 0x000000003FFF02A0 00036C (v01 VBOX   VBOXCPUT 00000002 INTL 20100528)
[    0.000000] ACPI: Reserving FACP table memory at [mem 0x3fff00f0-0x3fff01e3]
[    0.000000] ACPI: Reserving DSDT table memory at [mem 0x3fff0610-0x3fff2962]
[    0.000000] ACPI: Reserving FACS table memory at [mem 0x3fff0200-0x3fff023f]
[    0.000000] ACPI: Reserving FACS table memory at [mem 0x3fff0200-0x3fff023f]
[    0.000000] ACPI: Reserving APIC table memory at [mem 0x3fff0240-0x3fff029b]
[    0.000000] ACPI: Reserving SSDT table memory at [mem 0x3fff02a0-0x3fff060b]
[    0.000000] No NUMA configuration found
[    0.000000] Faking a node at [mem 0x0000000000000000-0x000000003ffeffff]
[    0.000000] NODE_DATA(0) allocated [mem 0x3ffc5000-0x3ffeffff]
[    0.000000] kvm-clock: cpu 0, msr 0:3ff44001, primary cpu clock
[    0.000000] kvm-clock: Using msrs 4b564d01 and 4b564d00
[    0.000000] kvm-clock: using sched offset of 5555244951 cycles
[    0.000000] clocksource: kvm-clock: mask: 0xffffffffffffffff max_cycles: 0x1cd42e4dffb, max_idle_ns: 881590591483 ns
[    0.000000] Zone ranges:
[    0.000000]   DMA      [mem 0x0000000000001000-0x0000000000ffffff]
[    0.000000]   DMA32    [mem 0x0000000001000000-0x000000003ffeffff]
[    0.000000]   Normal   empty
[    0.000000]   Device   empty
[    0.000000] Movable zone start for each node
[    0.000000] Early memory node ranges
[    0.000000]   node   0: [mem 0x0000000000001000-0x000000000009efff]
[    0.000000]   node   0: [mem 0x0000000000100000-0x000000003ffeffff]
[    0.000000] Reserved but unavailable: 104 pages
[    0.000000] Initmem setup node 0 [mem 0x0000000000001000-0x000000003ffeffff]
[    0.000000] ACPI: PM-Timer IO Port: 0x4008
[    0.000000] IOAPIC[0]: apic_id 2, version 32, address 0xfec00000, GSI 0-23
[    0.000000] ACPI: INT_SRC_OVR (bus 0 bus_irq 0 global_irq 2 dfl dfl)
[    0.000000] ACPI: INT_SRC_OVR (bus 0 bus_irq 9 global_irq 9 low level)
[    0.000000] Using ACPI (MADT) for SMP configuration information
[    0.000000] smpboot: Allowing 2 CPUs, 0 hotplug CPUs
[    0.000000] PM: Registered nosave memory: [mem 0x00000000-0x00000fff]
[    0.000000] PM: Registered nosave memory: [mem 0x0009f000-0x0009ffff]
[    0.000000] PM: Registered nosave memory: [mem 0x000a0000-0x000effff]
[    0.000000] PM: Registered nosave memory: [mem 0x000f0000-0x000fffff]
[    0.000000] e820: [mem 0x40000000-0xfebfffff] available for PCI devices
[    0.000000] Booting paravirtualized kernel on KVM
[    0.000000] clocksource: refined-jiffies: mask: 0xffffffff max_cycles: 0xffffffff, max_idle_ns: 7645519600211568 ns
[    0.000000] setup_percpu: NR_CPUS:8192 nr_cpumask_bits:2 nr_cpu_ids:2 nr_node_ids:1
[    0.000000] percpu: Embedded 50 pages/cpu s167936 r8192 d28672 u1048576
[    0.000000] PV qspinlock hash table entries: 256 (order: 0, 4096 bytes)
[    0.000000] Built 1 zonelists, mobility grouping on.  Total pages: 257913
[    0.000000] Policy zone: DMA32
[    0.000000] Kernel command line: BOOT_IMAGE=/boot/vmlinuz-4.15.0-212-generic root=LABEL=cloudimg-rootfs ro console=tty1 console=ttyS0
[    0.000000] Memory: 982644K/1048120K available (12300K kernel code, 2477K rwdata, 4324K rodata, 2480K init, 2720K bss, 65476K reserved, 0K cma-reserved)
[    0.000000] SLUB: HWalign=64, Order=0-3, MinObjects=0, CPUs=2, Nodes=1
[    0.000000] Kernel/User page tables isolation: enabled
[    0.000000] ftrace: allocating 39508 entries in 155 pages
[    0.004000] Hierarchical RCU implementation.
[    0.004000] 	RCU restricting CPUs from NR_CPUS=8192 to nr_cpu_ids=2.
[    0.004000] 	Tasks RCU enabled.
[    0.004000] RCU: Adjusting geometry for rcu_fanout_leaf=16, nr_cpu_ids=2
[    0.004000] NR_IRQS: 524544, nr_irqs: 440, preallocated irqs: 16
[    0.004000] random: crng init done
[    0.004000] Console: colour VGA+ 80x25
[    0.004000] console [tty1] enabled
[    0.004000] console [ttyS0] enabled
[    0.004000] ACPI: Core revision 20170831
[    0.004000] ACPI: 2 ACPI AML tables successfully acquired and loaded
[    0.004000] APIC: Switch to symmetric I/O mode setup
[    0.004000] ..TIMER: vector=0x30 apic1=0 pin1=2 apic2=-1 pin2=-1
[    0.004006] tsc: Detected 2592.000 MHz processor
[    0.008011] Calibrating delay loop (skipped) preset value.. 5184.00 BogoMIPS (lpj=10368000)
[    0.012007] pid_max: default: 32768 minimum: 301
[    0.016087] Security Framework initialized
[    0.020006] Yama: becoming mindful.
[    0.024135] AppArmor: AppArmor initialized
[    0.033429] Dentry cache hash table entries: 131072 (order: 8, 1048576 bytes)
[    0.042386] Inode-cache hash table entries: 65536 (order: 7, 524288 bytes)
[    0.044105] Mount-cache hash table entries: 2048 (order: 2, 16384 bytes)
[    0.048183] Mountpoint-cache hash table entries: 2048 (order: 2, 16384 bytes)
[    0.054907] Last level iTLB entries: 4KB 64, 2MB 8, 4MB 8
[    0.056025] Last level dTLB entries: 4KB 64, 2MB 0, 4MB 0, 1GB 4
[    0.060059] Spectre V1 : Mitigation: usercopy/swapgs barriers and __user pointer sanitization
[    0.064006] Spectre V2 : Mitigation: Retpolines
[    0.068005] Spectre V2 : Spectre v2 / SpectreRSB mitigation: Filling RSB on context switch
[    0.072005] Spectre V2 : Spectre v2 / SpectreRSB : Filling RSB on VMEXIT
[    0.076004] RETBleed: WARNING: Spectre v2 mitigation leaves CPU vulnerable to RETBleed attacks, data leaks possible!
[    0.080024] RETBleed: Vulnerable
[    0.084008] Speculative Store Bypass: Vulnerable
[    0.088106] MDS: Mitigation: Clear CPU buffers
[    0.092004] MMIO Stale Data: Mitigation: Clear CPU buffers
[    0.096006] SRBDS: Unknown: Dependent on hypervisor status
[    0.100240] Freeing SMP alternatives memory: 36K
[    0.232005] APIC calibration not consistent with PM-Timer: 105ms instead of 100ms
[    0.236000] APIC delta adjusted to PM-Timer: 6378998 (6750365)
[    0.236534] smpboot: CPU0: Intel(R) Core(TM) i7-6700HQ CPU @ 2.60GHz (family: 0x6, model: 0x5e, stepping: 0x3)
[    0.240596] Performance Events: unsupported p6 CPU model 94 no PMU driver, software events only.
[    0.244177] Hierarchical SRCU implementation.
[    0.248949] NMI watchdog: Perf event create on CPU 0 failed with -2
[    0.252022] NMI watchdog: Perf NMI watchdog permanently disabled
[    0.256631] smp: Bringing up secondary CPUs ...
[    0.265424] x86: Booting SMP configuration:
[    0.268004] .... node  #0, CPUs:      #1
[    0.004000] kvm-clock: cpu 1, msr 0:3ff44041, secondary cpu clock
[    0.283535] TSC synchronization [CPU#0 -> CPU#1]:
[    0.284000] Measured 77566 cycles TSC warp between CPUs, turning off TSC clock.
[    0.284000] tsc: Marking TSC unstable due to check_tsc_sync_source failed
[    0.288378] smp: Brought up 1 node, 2 CPUs
[    0.292007] smpboot: Max logical packages: 1
[    0.296005] smpboot: Total of 2 processors activated (10368.00 BogoMIPS)
[    0.304655] devtmpfs: initialized
[    0.308109] x86/mm: Memory block size: 128MB
[    0.312614] evm: security.selinux
[    0.316005] evm: security.SMACK64
[    0.320003] evm: security.SMACK64EXEC
[    0.324004] evm: security.SMACK64TRANSMUTE
[    0.332007] evm: security.SMACK64MMAP
[    0.336005] evm: security.apparmor
[    0.344003] evm: security.ima
[    0.348021] evm: security.capability
[    0.360009] clocksource: jiffies: mask: 0xffffffff max_cycles: 0xffffffff, max_idle_ns: 7645041785100000 ns
[    0.376023] futex hash table entries: 512 (order: 3, 32768 bytes)
[    0.392497] pinctrl core: initialized pinctrl subsystem
[    0.400758] RTC time:  9:05:28, date: 08/07/24
[    0.413508] NET: Registered protocol family 16
[    0.424307] audit: initializing netlink subsys (disabled)
[    0.436418] audit: type=2000 audit(1723021534.340:1): state=initialized audit_enabled=0 res=1
[    0.448017] cpuidle: using governor ladder
[    0.460015] cpuidle: using governor menu
[    0.464068] ACPI: bus type PCI registered
[    0.472006] acpiphp: ACPI Hot Plug PCI Controller Driver version: 0.5
[    0.480666] PCI: Using configuration type 1 for base access
[    0.496351] HugeTLB registered 2.00 MiB page size, pre-allocated 0 pages
[    0.512000] ACPI: Added _OSI(Module Device)
[    0.520008] ACPI: Added _OSI(Processor Device)
[    0.524005] ACPI: Added _OSI(3.0 _SCP Extensions)
[    0.532004] ACPI: Added _OSI(Processor Aggregator Device)
[    0.540006] ACPI: Added _OSI(Linux-Dell-Video)
[    0.548004] ACPI: Added _OSI(Linux-Lenovo-NV-HDMI-Audio)
[    0.556007] ACPI: Added _OSI(Linux-HPI-Hybrid-Graphics)
[    0.565507] ACPI: Executed 1 blocks of module-level executable AML code
[    0.582926] ACPI: Interpreter enabled
[    0.588054] ACPI: (supports S0 S5)
[    0.596005] ACPI: Using IOAPIC for interrupt routing
[    0.604667] PCI: Using host bridge windows from ACPI; if necessary, use "pci=nocrs" and report a bug
[    0.617005] ACPI: Enabled 2 GPEs in block 00 to 07
[    0.641630] ACPI: PCI Root Bridge [PCI0] (domain 0000 [bus 00-ff])
[    0.648015] acpi PNP0A03:00: _OSC: OS supports [ASPM ClockPM Segments MSI]
[    0.661015] acpi PNP0A03:00: _OSC: not requesting OS control; OS requires [ExtendedConfig ASPM ClockPM MSI]
[    0.672020] acpi PNP0A03:00: fail to add MMCONFIG information, can't access extended PCI configuration space under this bridge.
[    0.692770] PCI host bridge to bus 0000:00
[    0.700009] pci_bus 0000:00: root bus resource [io  0x0000-0x0cf7 window]
[    0.708011] pci_bus 0000:00: root bus resource [io  0x0d00-0xffff window]
[    0.720010] pci_bus 0000:00: root bus resource [mem 0x000a0000-0x000bffff window]
[    0.736012] pci_bus 0000:00: root bus resource [mem 0x40000000-0xfdffffff window]
[    0.748013] pci_bus 0000:00: root bus resource [bus 00-ff]
[    0.772229] pci 0000:00:01.1: legacy IDE quirk: reg 0x10: [io  0x01f0-0x01f7]
[    0.784008] pci 0000:00:01.1: legacy IDE quirk: reg 0x14: [io  0x03f6]
[    0.792007] pci 0000:00:01.1: legacy IDE quirk: reg 0x18: [io  0x0170-0x0177]
[    0.804007] pci 0000:00:01.1: legacy IDE quirk: reg 0x1c: [io  0x0376]
[    0.845766] pci 0000:00:07.0: quirk: [io  0x4000-0x403f] claimed by PIIX4 ACPI
[    0.856054] pci 0000:00:07.0: quirk: [io  0x4100-0x410f] claimed by PIIX4 SMB
[    0.883497] ACPI: PCI Interrupt Link [LNKA] (IRQs 5 9 10 *11)
[    0.892701] ACPI: PCI Interrupt Link [LNKB] (IRQs 5 9 *10 11)
[    0.900274] ACPI: PCI Interrupt Link [LNKC] (IRQs 5 *9 10 11)
[    0.908398] ACPI: PCI Interrupt Link [LNKD] (IRQs 5 9 10 *11)
[    0.920828] SCSI subsystem initialized
[    0.928295] pci 0000:00:02.0: vgaarb: setting as boot VGA device
[    0.932000] pci 0000:00:02.0: vgaarb: VGA device added: decodes=io+mem,owns=io+mem,locks=none
[    0.948009] pci 0000:00:02.0: vgaarb: bridge control possible
[    0.956005] vgaarb: loaded
[    0.964109] ACPI: bus type USB registered
[    0.968030] usbcore: registered new interface driver usbfs
[    0.976057] usbcore: registered new interface driver hub
[    0.984050] usbcore: registered new device driver usb
[    0.992306] EDAC MC: Ver: 3.0.0
[    1.001133] PCI: Using ACPI for IRQ routing
[    1.012313] NetLabel: Initializing
[    1.016003] NetLabel:  domain hash size = 128
[    1.024005] NetLabel:  protocols = UNLABELED CIPSOv4 CALIPSO
[    1.032027] NetLabel:  unlabeled traffic allowed by default
[    1.044357] clocksource: Switched to clocksource kvm-clock
[    1.106637] VFS: Disk quotas dquot_6.6.0
[    1.112930] VFS: Dquot-cache hash table entries: 512 (order 0, 4096 bytes)
[    1.124993] AppArmor: AppArmor Filesystem Enabled
[    1.132196] pnp: PnP ACPI init
[    1.140013] pnp: PnP ACPI: found 3 devices
[    1.155446] clocksource: acpi_pm: mask: 0xffffff max_cycles: 0xffffff, max_idle_ns: 2085701024 ns
[    1.170551] NET: Registered protocol family 2
[    1.180040] IP idents hash table entries: 16384 (order: 5, 131072 bytes)
[    1.190797] TCP established hash table entries: 8192 (order: 4, 65536 bytes)
[    1.201821] TCP bind hash table entries: 8192 (order: 5, 131072 bytes)
[    1.211546] TCP: Hash tables configured (established 8192 bind 8192)
[    1.222026] UDP hash table entries: 512 (order: 2, 16384 bytes)
[    1.231183] UDP-Lite hash table entries: 512 (order: 2, 16384 bytes)
[    1.241102] NET: Registered protocol family 1
[    1.248487] pci 0000:00:00.0: Limiting direct PCI/PCI transfers
[    1.258054] pci 0000:00:01.0: Activating ISA DMA hang workarounds
[    1.267514] pci 0000:00:02.0: Video device with shadowed ROM at [mem 0x000c0000-0x000dffff]
[    1.281389] Unpacking initramfs...
[    1.328131] Freeing initrd memory: 19528K
[    1.900614] clocksource: tsc: mask: 0xffffffffffffffff max_cycles: 0x255cb6cc5db, max_idle_ns: 440795203504 ns
[    1.914693] platform rtc_cmos: registered platform RTC device (no PNP device found)
[    1.926767] Scanning for low memory corruption every 60 seconds
[    1.937861] Initialise system trusted keyrings
[    1.946034] Key type blacklist registered
[    1.953655] workingset: timestamp_bits=36 max_order=18 bucket_order=0
[    1.966326] zbud: loaded
[    1.973123] squashfs: version 4.0 (2009/01/31) Phillip Lougher
[    1.984412] fuse init (API version 7.26)
[    2.022647] Key type asymmetric registered
[    2.029751] Asymmetric key parser 'x509' registered
[    2.038484] Block layer SCSI generic (bsg) driver version 0.4 loaded (major 246)
[    2.051979] io scheduler noop registered
[    2.058654] io scheduler deadline registered
[    2.065828] io scheduler cfq registered (default)
[    2.074622] ACPI: AC Adapter [AC] (on-line)
[    2.081830] input: Power Button as /devices/LNXSYSTM:00/LNXPWRBN:00/input/input0
[    2.094133] ACPI: Power Button [PWRF]
[    2.100624] input: Sleep Button as /devices/LNXSYSTM:00/LNXSLPBN:00/input/input1
[    2.110917] ACPI: Sleep Button [SLPF]
[    2.118766] Serial: 8250/16550 driver, 32 ports, IRQ sharing enabled
[    2.121280] ACPI: Battery Slot [BAT0] (battery present)
[    2.170136] 00:02: ttyS0 at I/O 0x3f8 (irq = 4, base_baud = 115200) is a 16550A
[    2.183388] Linux agpgart interface v0.103
[    2.195491] loop: module loaded
[    2.208941] scsi host0: ata_piix
[    2.217200] scsi host1: ata_piix
[    2.222823] ata1: PATA max UDMA/33 cmd 0x1f0 ctl 0x3f6 bmdma 0xd000 irq 14
[    2.235604] ata2: PATA max UDMA/33 cmd 0x170 ctl 0x376 bmdma 0xd008 irq 15
[    2.246815] tun: Universal TUN/TAP device driver, 1.6
[    2.255311] PPP generic driver version 2.4.2
[    2.261820] ehci_hcd: USB 2.0 'Enhanced' Host Controller (EHCI) Driver
[    2.272010] ehci-pci: EHCI PCI platform driver
[    2.279594] ehci-platform: EHCI generic platform driver
[    2.286943] ohci_hcd: USB 1.1 'Open' Host Controller (OHCI) Driver
[    2.298735] ohci-pci: OHCI PCI platform driver
[    2.306924] ohci-platform: OHCI generic platform driver
[    2.317449] uhci_hcd: USB Universal Host Controller Interface driver
[    2.328462] i8042: PNP: PS/2 Controller [PNP0303:PS2K,PNP0f03:PS2M] at 0x60,0x64 irq 1,12
[    2.347042] serio: i8042 KBD port at 0x60,0x64 irq 1
[    2.355737] serio: i8042 AUX port at 0x60,0x64 irq 12
[    2.366467] mousedev: PS/2 mouse device common for all mice
[    2.379662] input: AT Translated Set 2 keyboard as /devices/platform/i8042/serio0/input/input2
[    2.399133] rtc_cmos rtc_cmos: rtc core: registered rtc_cmos as rtc0
[    2.449702] rtc_cmos rtc_cmos: alarms up to one day, 114 bytes nvram
[    2.461147] i2c /dev entries driver
[    2.468077] device-mapper: uevent: version 1.0.3
[    2.476336] device-mapper: ioctl: 4.37.0-ioctl (2017-09-20) initialised: dm-devel@redhat.com
[    2.495318] ledtrig-cpu: registered to indicate activity on CPUs
[    2.509153] NET: Registered protocol family 10
[    2.539608] Segment Routing with IPv6
[    2.547055] NET: Registered protocol family 17
[    2.557587] Key type dns_resolver registered
[    2.567685] mce: Using 0 MCE banks
[    2.572960] RAS: Correctable Errors collector initialized.
[    2.581565] sched_clock: Marking stable (2581424169, 0)->(3764424221, -1183000052)
[    2.600260] registered taskstats version 1
[    2.607771] Loading compiled-in X.509 certificates
[    2.625044] Loaded X.509 cert 'Build time autogenerated kernel key: b5b26778eaa3ab3a4a6cee031137706e947d12ad'
[    2.642249] Loaded X.509 cert 'Canonical Ltd. Live Patch Signing: 14df34d1a87cf37625abec039ef2bf521249b969'
[    2.658056] Loaded X.509 cert 'Canonical Ltd. Kernel Module Signing: 88f752e560a1e0737e31163a466ad7b70a850c19'
[    2.675018] blacklist: Loading compiled-in revocation X.509 certificates
[    2.687918] Loaded X.509 cert 'Canonical Ltd. Secure Boot Signing: 61482aa2830d0ab2ad5af10b7250da9033ddcef0'
[    2.703549] Loaded X.509 cert 'Canonical Ltd. Secure Boot Signing (2017): 242ade75ac4a15e50d50c84b0d45ff3eae707a03'
[    2.720707] Loaded X.509 cert 'Canonical Ltd. Secure Boot Signing (ESM 2018): 365188c1d374d6b07c3c8f240f8ef722433d6a8b'
[    2.737994] Loaded X.509 cert 'Canonical Ltd. Secure Boot Signing (2019): c0746fd6c5da3ae827864651ad66ae47fe24b3e8'
[    2.755757] Loaded X.509 cert 'Canonical Ltd. Secure Boot Signing (2021 v1): a8d54bbb3825cfb94fa13c9f8a594a195c107b8d'
[    2.774029] Loaded X.509 cert 'Canonical Ltd. Secure Boot Signing (2021 v2): 4cf046892d6fd3c9a5b03f98d845f90851dc6a8c'
[    2.790369] Loaded X.509 cert 'Canonical Ltd. Secure Boot Signing (2021 v3): 100437bb6de6e469b581e61cd66bce3ef4ed53af'
[    2.807529] Loaded X.509 cert 'Canonical Ltd. Secure Boot Signing (Ubuntu Core 2019): c1d57b8f6b743f23ee41f4f7ee292f06eecadfb9'
[    2.823616] zswap: loaded using pool lzo/zbud
[    2.860789] Key type big_key registered
[    2.867918] Key type trusted registered
[    2.884457] Key type encrypted registered
[    2.891943] AppArmor: AppArmor sha1 policy hashing enabled
[    2.901692] ima: No TPM chip found, activating TPM-bypass! (rc=-19)
[    2.912387] ima: Allocated hash algorithm: sha1
[    2.921881] evm: HMAC attrs: 0x1
[    2.929749]   Magic number: 4:5:70
[    2.935736]  memory: hash matches
[    2.945587] rtc_cmos rtc_cmos: setting system clock to 2024-08-07 09:05:30 UTC (1723021530)
[    2.961129] BIOS EDD facility v0.16 2004-Jun-25, 0 devices found
[    2.970242] EDD information not available.
[    2.983948] Freeing unused kernel image memory: 2480K
[    3.008908] Write protecting the kernel read-only data: 20480k
[    3.038788] Freeing unused kernel image memory: 2008K
[    3.050092] Freeing unused kernel image memory: 1820K
[    3.063542] x86/mm: Checked W+X mappings: passed, no W+X pages found.
[    3.071808] x86/mm: Checking user space page tables
[    3.087127] x86/mm: Checked W+X mappings: passed, no W+X pages found.
Loading, please wait...
starting version 237
[    3.261725] Fusion MPT base driver 3.04.20
[    3.268980] Copyright (c) 1999-2008 LSI Corporation
[    3.295063] e1000: Intel(R) PRO/1000 Network Driver - version 7.3.21-k8-NAPI
[    3.304905] e1000: Copyright (c) 1999-2006 Intel Corporation.
[    3.357106] Fusion MPT SPI Host driver 3.04.20
[    3.371225] SSE version of gcm_enc/dec engaged.
[    3.589385] input: ImExPS/2 Generic Explorer Mouse as /devices/platform/i8042/serio1/input/input4
[    4.263489] e1000 0000:00:03.0 eth0: (PCI:33MHz:32-bit) 02:3b:7b:b7:3b:2d
[    4.275335] e1000 0000:00:03.0 eth0: Intel(R) PRO/1000 Network Connection
[    5.110303] e1000 0000:00:08.0 eth1: (PCI:33MHz:32-bit) 08:00:27:85:db:46
[    5.122105] e1000 0000:00:08.0 eth1: Intel(R) PRO/1000 Network Connection
[    5.135231] e1000 0000:00:03.0 enp0s3: renamed from eth0
[    5.145338] mptbase: ioc0: Initiating bringup
[    5.170034] e1000 0000:00:08.0 enp0s8: renamed from eth1
[    5.271503] ioc0: LSI53C1030 A0: Capabilities={Initiator}
[    5.538706] scsi host2: ioc0: LSI53C1030 A0, FwRev=00000000h, Ports=1, MaxQ=256, IRQ=20
[    5.719716] scsi 2:0:0:0: Direct-Access     VBOX     HARDDISK         1.0  PQ: 0 ANSI: 5
[    6.178303] scsi target2:0:0: Beginning Domain Validation
[    6.199306] scsi target2:0:0: Domain Validation skipping write tests
[    6.209338] scsi target2:0:0: Ending Domain Validation
[    6.220451] scsi target2:0:0: asynchronous
[    6.231196] scsi 2:0:1:0: Direct-Access     VBOX     HARDDISK         1.0  PQ: 0 ANSI: 5
[    6.301226] scsi target2:0:1: Beginning Domain Validation
[    6.320110] scsi target2:0:1: Domain Validation skipping write tests
[    6.328885] scsi target2:0:1: Ending Domain Validation
[    6.338716] scsi target2:0:1: asynchronous
[    6.364897] sd 2:0:0:0: [sda] 83886080 512-byte logical blocks: (42.9 GB/40.0 GiB)
[    6.368380] sd 2:0:0:0: Attached scsi generic sg0 type 0
[    6.376764] sd 2:0:0:0: [sda] Write Protect is off
[    6.393201] sd 2:0:1:0: Attached scsi generic sg1 type 0
[    6.393484] sd 2:0:0:0: [sda] Incomplete mode parameter data
[    6.410897] sd 2:0:0:0: [sda] Assuming drive cache: write through
[    6.421043] sd 2:0:1:0: [sdb] 20480 512-byte logical blocks: (10.5 MB/10.0 MiB)
[    6.433251] sd 2:0:1:0: [sdb] Write Protect is off
[    6.441760] sd 2:0:1:0: [sdb] Incomplete mode parameter data
[    6.450262] sd 2:0:1:0: [sdb] Assuming drive cache: write through
[    6.555626]  sda: sda1
[    6.567041] sd 2:0:0:0: [sda] Attached SCSI disk
[    6.591674] sd 2:0:1:0: [sdb] Attached SCSI disk
Begin: Loading essential drivers ... [   10.334205] raid6: sse2x1   gen() 220660 MB/s
[   11.329921] raid6: sse2x1   xor() 152946 MB/s
[   13.342388] raid6: sse2x2   gen() 259298 MB/s
[   14.332794] raid6: sse2x2   xor() 167399 MB/s
[   14.389079] raid6: sse2x4   gen() 12306 MB/s
[   14.445004] raid6: sse2x4   xor()  7313 MB/s
[   14.451555] raid6: using algorithm sse2x2 gen() 259298 MB/s
[   14.460508] raid6: .... xor() 167399 MB/s, rmw enabled
[   14.470069] raid6: using ssse3x2 recovery algorithm
[   14.481022] xor: measuring software checksum speed
[   14.528347]    prefetch64-sse: 15517.000 MB/sec
[   14.572286]    generic_sse: 15530.000 MB/sec
[   14.580162] xor: using function: generic_sse (15530.000 MB/sec)
[   14.594124] async_tx: api initialized (async)
done.
Begin: Running /scripts/init-premount ... done.
Begin: Mounting root file system ... Begin: Running /scripts/local-top ... done.
Begin: Running /scripts/local-premount ... [   14.698199] Btrfs loaded, crc32c=crc32c-intel
Scanning for Btrfs filesystems
done.
Warning: fsck not present, so skipping root file system
[   14.859206] EXT4-fs (sda1): INFO: recovery required on readonly filesystem
[   14.868037] EXT4-fs (sda1): write access will be enabled during recovery
[   15.010571] EXT4-fs (sda1): recovery complete
[   15.018720] EXT4-fs (sda1): mounted filesystem with ordered data mode. Opts: (null)
done.
Begin: Running /scripts/local-bottom ... done.
Begin: Running /scripts/init-bottom ... done.
[   16.633133] ip_tables: (C) 2000-2006 Netfilter Core Team
[   16.715790] systemd[1]: systemd 237 running in system mode. (+PAM +AUDIT +SELINUX +IMA +APPARMOR +SMACK +SYSVINIT +UTMP +LIBCRYPTSETUP +GCRYPT +GNUTLS +ACL +XZ +LZ4 +SECCOMP +BLKID +ELFUTILS +KMOD -IDN2 +IDN -PCRE2 default-hierarchy=hybrid)
[   16.748645] systemd[1]: Detected virtualization oracle.
[   16.755821] systemd[1]: Detected architecture x86-64.

Welcome to [1mUbuntu 18.04.6 LTS[0m!

[   16.848685] systemd[1]: Set hostname to <dbPostgres>.
[   19.146825] systemd[1]: Set up automount Arbitrary Executable File Formats File System Automount Point.
[[0;32m  OK  [0m] Set up automount Arbitrary Executabâ€¦rmats File System Automount Point.
[   19.181089] systemd[1]: Created slice System Slice.
[[0;32m  OK  [0m] Created slice System Slice.
[   19.192461] systemd[1]: Listening on Journal Socket.
[[0;32m  OK  [0m] Listening on Journal Socket.
[   19.205150] systemd[1]: Starting Uncomplicated firewall...
         Starting Uncomplicated firewall...
[   19.216864] systemd[1]: Listening on Journal Socket (/dev/log).
[[0;32m  OK  [0m] Listening on Journal Socket (/dev/log).
[   19.232473] systemd[1]: Starting Create list of required static device nodes for the current kernel...
         Starting Create list of required stâ€¦ce nodes for the current kernel...
[[0;32m  OK  [0m] Reached target Swap.
[[0;32m  OK  [0m] Listening on Journal Audit Socket.
[[0;32m  OK  [0m] Listening on fsck to fsckd communication Socket.
         Starting File System Check on Root Device...
[[0;32m  OK  [0m] Listening on Syslog Socket.
         Starting Journal Service...
[[0;32m  OK  [0m] Reached target User and Group Name Lookups.
[[0;32m  OK  [0m] Listening on LVM2 poll daemon socket.
[[0;32m  OK  [0m] Listening on udev Control Socket.
[[0;32m  OK  [0m] Listening on /dev/initctl Compatibility Named Pipe.
         Starting Set the console keyboard layout...
[[0;32m  OK  [0m] Created slice system-serial\x2dgetty.slice.
         Mounting Kernel Debug File System...
[[0;32m  OK  [0m] Reached target System Time Synchronized.
[[0;32m  OK  [0m] Listening on Network Service Netlink Socket.
[[0;32m  OK  [0m] Started Forward Password Requests to Wall Directory Watch.
         Starting Load Kernel Modules...
[[0;32m  OK  [0m] Reached target Mounting snaps.
[[0;32m  OK  [0m] Reached target Mounted snaps.
[[0;32m  OK  [0m] Listening on LVM2 metadata daemon socket.
[[0;32m  OK  [0m] Listening on Device-mapper event daemon FIFOs.
         Starting Monitoring of LVM2 mirrorsâ€¦ng dmeventd or progress polling...
         Mounting Huge Pages File System...
         Mounting POSIX Message Queue File System...
[[0;32m  OK  [0m] Listening on udev Kernel Socket.
         Starting udev Coldplug all Devices...
[[0;32m  OK  [0m] Created slice system-postgresql.slice.
[[0;32m  OK  [0m] Created slice User and Session Slice.
[[0;32m  OK  [0m] Reached target Slices.
[[0;32m  OK  [0m] Started Journal Service.
[[0;32m  OK  [0m] Started Create list of required staâ€¦vice nodes for the current kernel.
[[0;32m  OK  [0m] Started File System Check Daemon to report status.
         Starting Create Static Device Nodes in /dev...
[[0;32m  OK  [0m] Started udev Coldplug all Devices.
[   19.870924] Loading iSCSI transport class v2.0-870.
[[0;32m  OK  [0m] Mounted Kernel Debug File System.
[[0;32m  OK  [0m] Mounted Huge Pages File System.
[[0;32m  OK  [0m] Mounted POSIX Message Queue File System.
[[0;32m  OK  [0m] Started File System Check on Root Device.
         Starting Remount Root and Kernel File Systems...
[   20.223944] iscsi: registered transport (tcp)
[   20.294684] nf_conntrack version 0.5.0 (8192 buckets, 32768 max)
[[0;32m  OK  [0m] Started Set the console keyboard layout.
[[0;32m  OK  [0m] Started LVM2 metadata daemon.
[   20.661085] EXT4-fs (sda1): re-mounted. Opts: (null)
[[0;32m  OK  [0m] Started Remount Root and Kernel File Systems.
         Starting Load/Save Random Seed...
         Starting Flush Journal to Persistent Storage...
[[0;32m  OK  [0m] Started Create Static Device Nodes in /dev.
         Starting udev Kernel Device Manager...
[   21.225264] systemd-journald[407]: Received request to flush runtime journal from PID 1
[   21.249053] iscsi: registered transport (iser)
[[0;32m  OK  [0m] Started Load Kernel Modules.
         Mounting Kernel Configuration File System...
         Mounting FUSE Control File System...
         Starting Apply Kernel Variables...
[[0;32m  OK  [0m] Mounted Kernel Configuration File System.
[[0;32m  OK  [0m] Mounted FUSE Control File System.
[   21.357081] ip6_tables: (C) 2000-2006 Netfilter Core Team
[[0;32m  OK  [0m] Started Load/Save Random Seed.
[[0;32m  OK  [0m] Started Monitoring of LVM2 mirrors,â€¦sing dmeventd or progress polling.
[[0;32m  OK  [0m] Reached target Local File Systems (Pre).
[[0;32m  OK  [0m] Reached target Local File Systems.
         Starting AppArmor initialization...
         Starting Set console font and keymap...
         Starting Tell Plymouth To Write Out Runtime Data...
         Starting ebtables ruleset management...
[[0;32m  OK  [0m] Started Set console font and keymap.
[[0;32m  OK  [0m] Started Tell Plymouth To Write Out Runtime Data.
[[0;32m  OK  [0m] Started Apply Kernel Variables.
[[0;32m  OK  [0m] Started udev Kernel Device Manager.
[[0;32m  OK  [0m] Started Dispatch Password Requests to Console Directory Watch.
[[0;32m  OK  [0m] Reached target Local Encrypted Volumes.
[[0;32m  OK  [0m] Started ebtables ruleset management.
[[0;32m  OK  [0m] Found device /dev/ttyS0.
[[0;32m  OK  [0m] Started Flush Journal to Persistent Storage.
         Starting Create Volatile Files and Directories...
[[0;32m  OK  [0m] Started Create Volatile Files and Directories.
         Starting Update UTMP about System Boot/Shutdown...
[[0;32m  OK  [0m] Started Update UTMP about System Boot/Shutdown.
[[0;32m  OK  [0m] Listening on Load/Save RF Kill Switch Status /dev/rfkill Watch.
[[0;32m  OK  [0m] Started AppArmor initialization.
         Starting Load AppArmor profiles managed internally by snapd...
         Starting Initial cloud-init job (pre-networking)...
[[0;32m  OK  [0m] Started Uncomplicated firewall.
         Mounting Arbitrary Executable File Formats File System...
[[0;32m  OK  [0m] Mounted Arbitrary Executable File Formats File System.
[[0;32m  OK  [0m] Started Load AppArmor profiles managed internally by snapd.
[   45.943442] cloud-init[635]: Cloud-init v. 23.1.2-0ubuntu0~18.04.1 running 'init-local' at Wed, 07 Aug 2024 09:06:12 +0000. Up 44.82 seconds.
[[0;32m  OK  [0m] Started Initial cloud-init job (pre-networking).
[[0;32m  OK  [0m] Reached target Network (Pre).
         Starting Network Service...
[[0;32m  OK  [0m] Started Network Service.
         Starting Wait for Network to be Configured...
         Starting Network Name Resolution...
[[0;32m  OK  [0m] Started Network Name Resolution.
[[0;32m  OK  [0m] Reached target Host and Network Name Lookups.
[[0;32m  OK  [0m] Reached target Network.
[[0;32m  OK  [0m] Started Wait for Network to be Configured.
         Starting Initial cloud-init job (metadata service crawler)...
[   49.321393] cloud-init[759]: Cloud-init v. 23.1.2-0ubuntu0~18.04.1 running 'init' at Wed, 07 Aug 2024 09:06:16 +0000. Up 48.87 seconds.
[   49.327803] cloud-init[759]: ci-info: ++++++++++++++++++++++++++++++++++++++Net device info+++++++++++++++++++++++++++++++++++++++
[   49.333438] cloud-init[759]: ci-info: +--------+------+-----------------------------+---------------+--------+-------------------+
[   49.339584] cloud-init[759]: ci-info: | Device |  Up  |           Address           |      Mask     | Scope  |     Hw-Address    |
[   49.345364] cloud-init[759]: ci-info: +--------+------+-----------------------------+---------------+--------+-------------------+
[   49.351359] cloud-init[759]: ci-info: | enp0s3 | True |          10.0.2.15          | 255.255.255.0 | global | 02:3b:7b:b7:3b:2d |
[   49.358400] cloud-init[759]: ci-info: | enp0s3 | True |  fe80::3b:7bff:feb7:3b2d/64 |       .       |  link  | 02:3b:7b:b7:3b:2d |
[   49.364616] cloud-init[759]: ci-info: | enp0s8 | True |         192.168.1.2         | 255.255.255.0 | global | 08:00:27:85:db:46 |
[   49.370435] cloud-init[759]: ci-info: | enp0s8 | True | fe80::a00:27ff:fe85:db46/64 |       .       |  link  | 08:00:27:85:db:46 |
[   49.377638] cloud-init[759]: ci-info: |   lo   | True |          127.0.0.1          |   255.0.0.0   |  host  |         .         |
[   49.383724] cloud-init[759]: ci-info: |   lo   | True |           ::1/128           |       .       |  host  |         .         |
[   49.390237] cloud-init[759]: ci-info: +--------+------+-----------------------------+---------------+--------+-------------------+
[   49.396097] cloud-init[759]: ci-info: ++++++++++++++++++++++++++++Route IPv4 info+++++++++++++++++++++++++++++
[   49.401793] cloud-init[759]: ci-info: +-------+-------------+----------+-----------------+-----------+-------+
[   49.407884] cloud-init[759]: ci-info: | Route | Destination | Gateway  |     Genmask     | Interface | Flags |
[   49.413796] cloud-init[759]: ci-info: +-------+-------------+----------+-----------------+-----------+-------+
[   49.419237] cloud-init[759]: ci-info: |   0   |   0.0.0.0   | 10.0.2.2 |     0.0.0.0     |   enp0s3  |   UG  |
[   49.428470] cloud-init[759]: ci-info: |   1   |   10.0.2.0  | 0.0.0.0  |  255.255.255.0  |   enp0s3  |   U   |
[   49.440007] cloud-init[759]: ci-info: |   2   |   10.0.2.2  | 0.0.0.0  | 255.255.255.255 |   enp0s3  |   UH  |
[   49.446813] cloud-init[759]: ci-info: |   3   | 192.168.1.0 | 0.0.0.0  |  255.255.255.0  |   enp0s8  |   U   |
[   49.452821] cloud-init[759]: ci-info: +-------+-------------+----------+-----------------+-----------+-------+
[   49.459681] cloud-init[759]: ci-info: +++++++++++++++++++Route IPv6 info+++++++++++++++++++
[   49.465232] cloud-init[759]: ci-info: +-------+-------------+---------+-----------+-------+
[   49.470603] cloud-init[759]: ci-info: | Route | Destination | Gateway | Interface | Flags |
[   49.476427] cloud-init[759]: ci-info: +-------+-------------+---------+-----------+-------+
[   49.481182] cloud-init[759]: ci-info: |   1   |  fe80::/64  |    ::   |   enp0s8  |   U   |
[   49.486965] cloud-init[759]: ci-info: |   2   |  fe80::/64  |    ::   |   enp0s3  |   U   |
[   49.494672] cloud-init[759]: ci-info: |   4   |    local    |    ::   |   enp0s3  |   U   |
[   49.509528] cloud-init[759]: ci-info: |   5   |    local    |    ::   |   enp0s8  |   U   |
[   49.519293] cloud-init[759]: ci-info: |   6   |   ff00::/8  |    ::   |   enp0s8  |   U   |
[   49.530511] cloud-init[759]: ci-info: |   7   |   ff00::/8  |    ::   |   enp0s3  |   U   |
[   49.536052] cloud-init[759]: ci-info: +-------+-------------+---------+-----------+-------+
[[0;32m  OK  [0m] Started Initial cloud-init job (metadata service crawler).
[[0;32m  OK  [0m] Reached target Network is Online.
         Starting Availability of block devices...
[[0;32m  OK  [0m] Reached target Remote File Systems (Pre).
[[0;32m  OK  [0m] Reached target Remote File Systems.
[[0;32m  OK  [0m] Reached target Cloud-config availability.
[[0;32m  OK  [0m] Reached target System Initialization.
[[0;32m  OK  [0m] Started Daily Cleanup of Temporary Directories.
[[0;32m  OK  [0m] Started Discard unused blocks once a week.
[[0;32m  OK  [0m] Listening on UUID daemon activation socket.
[[0;32m  OK  [0m] Listening on cloud-init hotplug hook socket.
[[0;32m  OK  [0m] Started Daily apt download activities.
[[0;32m  OK  [0m] Started Daily apt upgrade and clean activities.
[[0;32m  OK  [0m] Started Message of the Day.
         Starting LXD - unix socket.
[[0;32m  OK  [0m] Listening on ACPID Listen Socket.
[[0;32m  OK  [0m] Listening on Open-iSCSI iscsid Socket.
[[0;32m  OK  [0m] Started Ubuntu Advantage Timer for running repeated jobs.
[[0;32m  OK  [0m] Reached target Timers.
         Starting Socket activation for snappy daemon.
[[0;32m  OK  [0m] Started ACPI Events Check.
[[0;32m  OK  [0m] Reached target Paths.
[[0;32m  OK  [0m] Listening on D-Bus System Message Bus Socket.
[[0;32m  OK  [0m] Started Availability of block devices.
[[0;32m  OK  [0m] Listening on LXD - unix socket.
[[0;32m  OK  [0m] Listening on Socket activation for snappy daemon.
[[0;32m  OK  [0m] Reached target Sockets.
[[0;32m  OK  [0m] Reached target Basic System.
         Starting Virtualbox guest utils...
         Starting Login Service...
         Starting System Logging Service...
         Starting Resets System Activity Data Collector...
         Starting OpenBSD Secure Shell server...
         Starting Snap Daemon...
         Starting LSB: automatic crash report generation...
[[0;32m  OK  [0m] Started FUSE filesystem for LXC.
[[0;32m  OK  [0m] Reached target Login Prompts (Pre).
         Starting LXD - container startup/shutdown...
[[0;32m  OK  [0m] Started Deferred execution scheduler.
         Starting LSB: Record successful boot for GRUB...
         Starting Dispatcher daemon for systemd-networkd...
[[0;32m  OK  [0m] Started Regular background program processing daemon.
         Starting PostgreSQL Cluster 10-main...
[[0;32m  OK  [0m] Started irqbalance daemon.
         Starting Accounts Service...
         Starting Permit User Sessions...
[[0;32m  OK  [0m] Started D-Bus System Message Bus.
[[0;32m  OK  [0m] Started Login Service.
[[0;32m  OK  [0m] Started Unattended Upgrades Shutdown.
[[0;32m  OK  [0m] Started System Logging Service.
[[0;32m  OK  [0m] Started Resets System Activity Data Collector.
[[0;32m  OK  [0m] Started Permit User Sessions.
[[0;32m  OK  [0m] Started OpenBSD Secure Shell server.
         Starting Hold until boot process finishes up...
         Starting Terminate Plymouth Boot Screen...
[[0;32m  OK  [0m] Started Hold until boot process finishes up.
         Starting Set console scheme...
[[0;32m  OK  [0m] Started Serial Getty on ttyS0.
[[0;32m  OK  [0m] Started Terminate Plymouth Boot Screen.
[[0;32m  OK  [0m] Started Set console scheme.
[[0;32m  OK  [0m] Created slice system-getty.slice.
[[0;32m  OK  [0m] Started Getty on tty1.
[[0;32m  OK  [0m] Reached target Login Prompts.
[[0;32m  OK  [0m] Started LSB: automatic crash report generation.
[[0;32m  OK  [0m] Started LSB: Record successful boot for GRUB.
         Starting Authorization Manager...
[[0;32m  OK  [0m] Started Authorization Manager.
[[0;32m  OK  [0m] Started Accounts Service.
[[0;32m  OK  [0m] Started Virtualbox guest utils.
[[0;32m  OK  [0m] Started Dispatcher daemon for systemd-networkd.

Ubuntu 18.04.6 LTS dbPostgres ttyS0

dbPostgres login: [   71.501113] cloud-init[1325]: Cloud-init v. 23.1.2-0ubuntu0~18.04.1 running 'modules:config' at Wed, 07 Aug 2024 09:06:38 +0000. Up 71.26 seconds.
[   75.011155] cloud-init[1391]: Cloud-init v. 23.1.2-0ubuntu0~18.04.1 running 'modules:final' at Wed, 07 Aug 2024 09:06:41 +0000. Up 74.27 seconds.
[   75.011707] cloud-init[1391]: Cloud-init v. 23.1.2-0ubuntu0~18.04.1 finished at Wed, 07 Aug 2024 09:06:42 +0000. Datasource DataSourceNoCloud [seed=/dev/sdb][dsmode=net].  Up 74.98 seconds
